(TranslationUnit (SymbolTable 1 {x: (Variable 1 x Local () Default (Integer 4 []))}) [(= (Var 1 x) (ConstantInteger 6 (Integer 4 []))) (BinOp (ConstantInteger 2 (Integer 4 [])) Mul (Var 1 x) (Integer 4 [])) (= (Var 1 x) (BinOp (Var 1 x) Add (ConstantInteger 1 (Integer 4 [])) (Integer 4 [])))])
