(TranslationUnit (SymbolTable 1 {arrays_05: (Program (SymbolTable 2 {i: (Variable 2 i Local () () Default (Integer 4 []) Source Public Required .false.), numbers: (Variable 2 numbers Local (ConstantArray [(ConstantReal 1.500000 (Real 4 [])) (ConstantReal 3.200000 (Real 4 [])) (ConstantReal 4.500000 (Real 4 [])) (ConstantReal 0.900000 (Real 4 [])) (ConstantReal 7.200000 (Real 4 []))] (Real 4 [])) () Default (Real 4 [((ConstantInteger 1 (Integer 4 [])) (ConstantInteger 5 (Integer 4 [])))]) Source Public Required .false.)}) arrays_05 [] [(DoLoop ((Var 2 i) (ConstantInteger 1 (Integer 4 [])) (ConstantInteger 5 (Integer 4 [])) ()) [(= (ArrayRef 2 numbers [(() (Var 2 i) ())] (Real 4 [((ConstantInteger 1 (Integer 4 [])) (ConstantInteger 5 (Integer 4 [])))]) ()) (BinOp (ImplicitCast (Var 2 i) IntegerToReal (Real 4 []) ()) Mul (ConstantReal 2.000000 (Real 4 [])) (Real 4 []) () ()) ())]) (= (Var 2 numbers) (ConstantArray [(ConstantReal 1.500000 (Real 4 [])) (ConstantReal 3.200000 (Real 4 [])) (ConstantReal 4.500000 (Real 4 [])) (ConstantReal 0.900000 (Real 4 [])) (ConstantReal 7.200000 (Real 4 []))] (Real 4 [])) ())])}) [])
