(TranslationUnit (SymbolTable 1 {bitset: (Module (SymbolTable 2 {assign_large: (Subroutine (SymbolTable 3 {set1: (Variable 3 set1 Out () () Default (Integer 4 []) Source Public Required .false.), set2: (Variable 3 set2 In () () Default (Integer 4 []) Source Public Required .false.)}) assign_large [(Var 3 set1) (Var 3 set2)] [] Source Public Interface () .true. .true.), assign_logint8_large: (Subroutine (SymbolTable 4 {logical_vector: (Variable 4 logical_vector In () () Default (Logical 4 [(() ())]) Source Public Required .false.), self: (Variable 4 self Out () () Default (Integer 4 []) Source Public Required .false.)}) assign_logint8_large [(Var 4 self) (Var 4 logical_vector)] [] Source Public Interface () .true. .true.), ~assign: (CustomOperator 2 ~assign [2 assign_large 2 assign_logint8_large] Public)}) bitset [] .false.)}) [])
