(TranslationUnit (SymbolTable 1 {complex2: (Program (SymbolTable 2 {x: (Variable 2 x Local () () Default (Complex 4 []) Source Public Required .false.)}) complex2 [] [(= (Var 2 x) (ComplexConstructor (ConstantReal 3.000000 (Real 4 [])) (ConstantReal 4.000000 (Real 4 [])) (Complex 4 []) (ConstantComplex 3.000000 4.000000 (Complex 4 []))) ()) (= (Var 2 x) (BinOp (Var 2 x) Div (ImplicitCast (ConstantReal 4.000000 (Real 4 [])) RealToComplex (Complex 4 []) (ConstantComplex 4.000000 0.000000 (Complex 4 []))) (Complex 4 []) () ()) ()) (Print () [(Var 2 x)]) (= (Var 2 x) (BinOp (ImplicitCast (ConstantInteger 2 (Integer 4 [])) IntegerToComplex (Complex 4 []) ()) Div (Var 2 x) (Complex 4 []) () ()) ()) (Print () [(Var 2 x)]) (= (Var 2 x) (BinOp (ImplicitCast (ConstantInteger 1 (Integer 4 [])) IntegerToComplex (Complex 4 []) ()) Div (BinOp (Var 2 x) Add (ComplexConstructor (ConstantReal 0.000000 (Real 4 [])) (ConstantReal 3.000000 (Real 4 [])) (Complex 4 []) (ConstantComplex 0.000000 3.000000 (Complex 4 []))) (Complex 4 []) () ()) (Complex 4 []) () ()) ()) (Print () [(Var 2 x)])])}) [])
