(TranslationUnit (SymbolTable 1 {logical2: (Program (SymbolTable 2 {a: (Variable 2 a Local () () Default (Logical 4 []) Source Public Required .false.), b: (Variable 2 b Local () () Default (Logical 4 []) Source Public Required .false.)}) logical2 [] [(= (Var 2 a) (ConstantLogical .true. (Logical 4 [])) ()) (= (Var 2 b) (ConstantLogical .false. (Logical 4 [])) ()) (If (BoolOp (Var 2 a) And (Var 2 b) (Logical 4 []) ()) [(Print () [(ConstantString "Line 1 - Condition is true" (Character 1 26 () []))])] [(Print () [(ConstantString "Line 1 - Condition is false" (Character 1 27 () []))])])])}) [])
