(TranslationUnit (SymbolTable 1 {x: (Variable 1 x Local () Default (Integer 4 []) Source Public Required)}) [(= (Var 1 x) (ConstantInteger 6 (Integer 4 []))) (Var 1 x)])
