(TranslationUnit (SymbolTable 1 {intrinsics_14: (Program (SymbolTable 2 {selected_int_kind: (ExternalSymbol 2 selected_int_kind 4 selected_int_kind lfortran_intrinsic_kind [] selected_int_kind Private), selected_real_kind: (ExternalSymbol 2 selected_real_kind 4 selected_real_kind lfortran_intrinsic_kind [] selected_real_kind Private)}) intrinsics_14 [] [(Print () [(FunctionCall 2 selected_int_kind () [(ConstantInteger 5 (Integer 4 []))] [] (Integer 4 []) (ConstantInteger 4 (Integer 4 [])) ())]) (Print () [(FunctionCall 2 selected_int_kind () [(ConstantInteger 5 (Integer 4 []))] [] (Integer 4 []) (ConstantInteger 4 (Integer 4 [])) ())]) (Print () [(FunctionCall 2 selected_int_kind () [(ConstantInteger 5 (Integer 8 []))] [] (Integer 4 []) (ConstantInteger 4 (Integer 8 [])) ())]) (Print () [(FunctionCall 2 selected_int_kind () [(ConstantInteger 8 (Integer 4 []))] [] (Integer 4 []) (ConstantInteger 4 (Integer 4 [])) ())]) (Print () [(FunctionCall 2 selected_int_kind () [(ConstantInteger 10 (Integer 4 []))] [] (Integer 4 []) (ConstantInteger 8 (Integer 4 [])) ())]) (Print () [(FunctionCall 2 selected_real_kind () [(ConstantInteger 5 (Integer 4 []))] [] (Integer 4 []) (ConstantInteger 4 (Integer 4 [])) ())]) (Print () [(FunctionCall 2 selected_real_kind () [(ConstantInteger 5 (Integer 4 []))] [] (Integer 4 []) (ConstantInteger 4 (Integer 4 [])) ())]) (Print () [(FunctionCall 2 selected_real_kind () [(ConstantInteger 5 (Integer 8 []))] [] (Integer 4 []) (ConstantInteger 4 (Integer 8 [])) ())]) (Print () [(FunctionCall 2 selected_real_kind () [(ConstantInteger 8 (Integer 4 []))] [] (Integer 4 []) (ConstantInteger 8 (Integer 4 [])) ())])]), lfortran_intrinsic_kind: (IntrinsicModule lfortran_intrinsic_kind)}) [])
