(TranslationUnit (SymbolTable 1 {case_01: (Program (SymbolTable 2 {i: (Variable 2 i Local () Default (Integer 4 []) Source Public)}) case_01 [(= (Var 2 i) (ConstantInteger 4 (Integer 4 []))) (Select (Var 2 i) [(CaseStmt [(ConstantInteger 1 (Integer 4 []))] [(Print () [(Str "1" (Character 8 []))])]) (CaseStmt [(ConstantInteger 2 (Integer 4 []))] [(Print () [(Str "2" (Character 8 []))])]) (CaseStmt [(ConstantInteger 3 (Integer 4 []))] [(Print () [(Str "3" (Character 8 []))])]) (CaseStmt [(ConstantInteger 4 (Integer 4 []))] [(Print () [(Str "4" (Character 8 []))])])] []) (Select (Var 2 i) [(CaseStmt [(ConstantInteger 1 (Integer 4 []))] [(Print () [(Str "1" (Character 8 []))])]) (CaseStmt [(ConstantInteger 2 (Integer 4 [])) (ConstantInteger 3 (Integer 4 [])) (ConstantInteger 4 (Integer 4 []))] [(Print () [(Str "2,3,4" (Character 8 []))])])] [])])}) [])
