(TranslationUnit (SymbolTable 1 {intrinsics_11: (Program (SymbolTable 2 {real: (ExternalSymbol 2 real 4 real lfortran_intrinsic_array real Private), x: (Variable 2 x Local (ConstantInteger 3 (Integer 4 [])) (ConstantInteger 3 (Integer 4 [])) Parameter (Integer 4 []) Source Public Required), y: (Variable 2 y Local (FunctionCall 2 real () [(Var 2 x)] [] (Real 4 []) (ConstantReal 3.000000 (Integer 4 [])) ()) (ConstantReal 3.000000 (Integer 4 [])) Parameter (Real 4 []) Source Public Required)}) intrinsics_11 [lfortran_intrinsic_array] [(Print () [(Var 2 y)])]), lfortran_intrinsic_array: (IntrinsicModule lfortran_intrinsic_array)}) [])
