(TranslationUnit (SymbolTable 1 {constant_kinds: (Program (SymbolTable 2 {i1: (Variable 2 i1 Local (ConstantInteger 1 (Integer 4 [])) (ConstantInteger 1 (Integer 4 [])) Parameter (Integer 4 []) Source Public Required .false.), i2: (Variable 2 i2 Local (ConstantInteger 1 (Integer 4 [])) (ConstantInteger 1 (Integer 4 [])) Parameter (Integer 4 []) Source Public Required .false.), i3: (Variable 2 i3 Local (ImplicitCast (ConstantInteger 1 (Integer 8 [])) IntegerToInteger (Integer 4 []) (ConstantInteger 1 (Integer 4 []))) (ConstantInteger 1 (Integer 4 [])) Parameter (Integer 4 []) Source Public Required .false.), r1: (Variable 2 r1 Local (ConstantReal 1.000000 (Real 4 [])) (ConstantReal 1.000000 (Real 4 [])) Parameter (Real 4 []) Source Public Required .false.), r2: (Variable 2 r2 Local (ImplicitCast (ConstantReal 1.000000 (Real 8 [])) RealToReal (Real 4 []) (ConstantReal 1.000000 (Real 4 []))) (ConstantReal 1.000000 (Real 4 [])) Parameter (Real 4 []) Source Public Required .false.), r3: (Variable 2 r3 Local (ConstantReal 1.000000 (Real 4 [])) (ConstantReal 1.000000 (Real 4 [])) Parameter (Real 4 []) Source Public Required .false.), r4: (Variable 2 r4 Local (ImplicitCast (ConstantReal 1.000000 (Real 8 [])) RealToReal (Real 4 []) (ConstantReal 1.000000 (Real 4 []))) (ConstantReal 1.000000 (Real 4 [])) Parameter (Real 4 []) Source Public Required .false.), x: (Variable 2 x Local () () Default (Integer 4 []) Source Public Required .false.), y: (Variable 2 y Local () () Default (Real 4 []) Source Public Required .false.)}) constant_kinds [] [(= (Var 2 y) (ConstantReal 1.000000 (Real 4 [])) () ()) (= (Var 2 y) (ImplicitCast (ConstantReal 1.000000 (Real 8 [])) RealToReal (Real 4 []) (ConstantReal 1.000000 (Real 4 []))) () ()) (= (Var 2 y) (ConstantReal 1.000000 (Real 4 [])) () ()) (= (Var 2 y) (ImplicitCast (ConstantReal 1.000000 (Real 8 [])) RealToReal (Real 4 []) (ConstantReal 1.000000 (Real 4 []))) () ()) (= (Var 2 x) (ConstantInteger 1 (Integer 4 [])) () ()) (= (Var 2 x) (ConstantInteger 1 (Integer 4 [])) () ()) (= (Var 2 x) (ImplicitCast (ConstantInteger 1 (Integer 8 [])) IntegerToInteger (Integer 4 []) (ConstantInteger 1 (Integer 4 []))) () ())])}) [])
