(TranslationUnit (SymbolTable 1 {associate_01: (Program (SymbolTable 2 {a: (Variable 2 a Local () Default (Real 4 [(() ())]) Source Public), a_1: (Variable 2 a_1 Local () Default (Real 4 []) Source Public), b: (Variable 2 b Local () Default (Real 4 [(() ()) (() ())]) Source Public), c: (Variable 2 c Local () Default (Real 4 [(() ()) (() ()) (() ())]) Source Public), c_234: (Variable 2 c_234 Local () Default (Real 4 []) Source Public), n: (Variable 2 n Local () Default (Integer 4 []) Source Public), x: (Variable 2 x Local () Default (RealPointer 4 [(() ())]) Source Public), y: (Variable 2 y Local () Default (RealPointer 4 [(() ()) (() ()) (() ())]) Source Public)}) associate_01 [(= (Var 2 n) (ConstantInteger 10 (Integer 4 []))) (Print () []) (Print () []) (Print () []) (= (Var 2 a_1) (ArrayRef 2 a [(() (ConstantInteger 1 (Integer 4 [])) ())] (Real 4 [(() ())]))) (= (Var 2 c_234) (ArrayRef 2 c [(() (ConstantInteger 2 (Integer 4 [])) ()) (() (ConstantInteger 3 (Integer 4 [])) ()) (() (ConstantInteger 4 (Integer 4 [])) ())] (Real 4 [(() ()) (() ()) (() ())]))) (Print () [(Var 2 a_1)]) (Print () [(Var 2 c_234)])])}) [])
