(TranslationUnit (SymbolTable 6cabfe67 {x: (Variable 6cabfe67 x Local (Integer 4 []))}) [])
