warning: Style suggestion: write 'end do' instead of 'enddo'
  --> tests/do1.f90:21:1
   |
21 | enddo
   | ^^^^^ help: write it as 'end do' to silence this warning
