(TranslationUnit [(Module dflt_intent [] [] [] [(Subroutine foo [(c) (d)] [] () [] [] [] [(Declaration (AttrType TypeReal [] () None) [] [(c [] [] () None ()) (d [] [] () None ()) (e [] [] () None ()) (g [] [] () None ())])] [(= 0 e (FuncCallOrArray f [] [(() c ())] [] []) ()) (= 0 g (FuncCallOrArray f [] [(() d ())] [] []) ())] [(Function f [(x)] [(AttrType TypeReal [] () None)] () () [] [] [] [(Declaration (AttrType TypeReal [] () None) [(AttrIntent In)] [(x [] [] () None ())])] [(= 0 f (* 2 x) ()) (Print 0 () [f] ())] [])])]) (Program main [(Use [] dflt_intent [] .false.)] [] [] [(SubroutineCall 0 foo [] [(() (Real "0.0") ()) (() (Real "2.0") ())] [] ())] [])])
