(TranslationUnit [(Program types_10 [] [(ImplicitNone [])] [(Declaration (AttrType TypeInteger [] () None) [] [(i [] [] () None () ()) (j [] [] () None () ())]) (Declaration () [(SimpleAttribute AttrSave)] [(i [] [] () None () ())]) (Declaration () [(SimpleAttribute AttrSave)] [(j [] [] () None () ())])] [] [(Subroutine f [(i)] [] () [] [] [] [(Declaration (AttrType TypeInteger [] () None) [(AttrIntent In)] [(i [] [] () None () ())]) (Declaration (AttrType TypeInteger [] () None) [(SimpleAttribute AttrSave)] [(j [] [] () None () ())])] [(= 0 j i)] []) (Subroutine g [(i)] [] () [] [] [] [(Declaration (AttrType TypeInteger [] () None) [(AttrIntent In)] [(i [] [] () None () ())]) (Declaration (AttrType TypeInteger [] () None) [] [(j [] [] () None () ())]) (Declaration () [(SimpleAttribute AttrSave)] [(j [] [] () None () ())])] [(= 0 j i)] []) (Subroutine h [(i)] [] () [] [] [] [(Declaration (AttrType TypeInteger [] () None) [(AttrIntent In)] [(i [] [] () None () ())]) (Declaration (AttrType TypeInteger [] () None) [] [(j [] [] () None () ())]) (Declaration () [(SimpleAttribute AttrSave)] [])] [(= 0 j i)] [])])])
