(TranslationUnit [(Program namelist1 (TriviaNode [] []) [] [(ImplicitNone [] (TriviaNode [] []))] [(Declaration (AttrType TypeInteger [] () None) [] [(N [] [] () None ())] (TriviaNode [] [])) (Declaration (AttrType TypeReal [] () None) [] [(t [] [] () None ()) (x [] [] () None ()) (Ecut [] [] () None ())] (TriviaNode [] [])) (Declaration () [(AttrNamelist domain)] [(N [] [] () None ()) (t [] [] () None ()) (x [] [] () None ()) (Ecut [] [] () None ())] (TriviaNode [] []))] [] [])])
