(TranslationUnit [(Subroutine do_concurrent2 [(a) (b)] () [] [] [(Declaration (AttrType TypeReal [] ()) [(AttrIntent InOut)] [(a [(() () DimensionExpr)] ()) (b [(() () DimensionExpr)] ())]) (Declaration (AttrType TypeInteger [] ()) [] [(i [] ())]) (Declaration (AttrType TypeReal [] ()) [] [(x [] ())])] [(= x (Real "1.0")) (DoConcurrentLoop [(ConcurrentControl i 1 10 ())] () [(ConcurrentShared [i]) (ConcurrentLocal [x]) (ConcurrentDefault)] [(If (> (FuncCallOrArray a [] [(() i ())] []) 0) [(= x (FuncCallOrArray sqrt [] [(() (FuncCallOrArray a [] [(() i ())] []) ())] [])) (= (FuncCallOrArray a [] [(() i ())] []) (- (FuncCallOrArray a [] [(() i ())] []) (** x 2)))] []) (= (FuncCallOrArray b [] [(() i ())] []) (- (FuncCallOrArray b [] [(() i ())] []) (FuncCallOrArray a [] [(() i ())] [])))]) (Print () [x])] [])])
