(TranslationUnit [(Module a_01 [] [(ImplicitNone [])] [] [(Subroutine b [] [] () [] [] [] [] [(Print 0 () [(Str "b()")] (TriviaNode [] [(EmptyLines)]))] [])]) (Program modules_01 [(Use [] a_01 [(UseSymbol b ())])] [(ImplicitNone [])] [] [(SubroutineCall 0 b [] [] [])] [])])
