(TranslationUnit [(Program arrays_07 [] [(ImplicitNone [])] [(Declaration (AttrType TypeInteger [] ()) [(AttrDimension [(1 10 DimensionExpr)])] [(x [] [] () None)]) (Declaration (AttrType TypeInteger [] ()) [] [(i [] [] () None)])] [(= 0 x (ArrayInitializer () [(ImpliedDoLoop [i] i 1 (FuncCallOrArray size [] [(() x ())] []) ())])) (Print 0 () [x]) (Print 0 () [(FuncCallOrArray x [] [(() () 1)] [])]) (Print 0 () [(FuncCallOrArray x [] [(3 5 1)] [])]) (Print 0 () [(FuncCallOrArray x [] [(3 () 1)] [])]) (Print 0 () [(FuncCallOrArray x [] [(() 5 1)] [])]) (Print 0 () [(FuncCallOrArray x [] [(3 5 2)] [])]) (Print 0 () [(FuncCallOrArray x [] [(() 5 2)] [])]) (Print 0 () [(FuncCallOrArray x [] [(3 () 2)] [])]) (Print 0 () [(FuncCallOrArray x [] [(3 () 2)] [])]) (Print 0 () [(FuncCallOrArray x [] [(() () 2)] [])]) (Print 0 () [(FuncCallOrArray x [] [(() () 2)] [])])] [])])
