(TranslationUnit [(Function f [] () () () [] [] [(= f 42)] [])])
