module a_04
implicit none

contains

subroutine b()
print *, "b()"
end subroutine b

end module a_04

program modules_04
use iso_fortran_env
implicit none
call f()

contains

subroutine f()
use a_04, only: b
call b()
end subroutine f

integer function g()
use a_04, only: b
call b()
g = 5
end function g

end program modules_04
