program namelist1
integer :: N
real :: t
real :: x
real :: Ecut
namelist /domain/ N, t, x, Ecut
end program namelist1
