program flush1
flush(10, IOSTAT=n)
flush(20, IOMSG=n)
flush(ERR=label)
flush(30, UNIT=40)
flush(50)
end program flush1
