Internal Compiler Error: Unhandled exception
Traceback (most recent call last):
[2m  Binary file "[0m[1m[35m$DIR/src/bin/lfortran[39m[0m[2m", in _start()[0m
[2m  File "[0m[1m[35m./csu/../csu/libc-start.c[39m[0m[2m", line 392, in __libc_start_main_impl()[0m
[2m  File "[0m[1m[35m./csu/../sysdeps/nptl/libc_start_call_main.h[39m[0m[2m", line 58, in __libc_start_call_main()[0m
[2m  File "[0m[1m[35m$DIR/src/bin/lfortran.cpp[39m[0m[2m", line 1717, in ??[0m
    return emit_llvm(arg_file, compiler_options);
[2m  File "[0m[1m[35m$DIR/src/bin/lfortran.cpp[39m[0m[2m", line 725, in ??[0m
    = fe.get_llvm(input, lm, diagnostics);
[2m  File "[0m[1m[35m$DIR/src/lfortran/fortran_evaluator.cpp[39m[0m[2m", line 259, in LFortran::FortranEvaluator::get_llvm(std::__cxx11::basic_string<char, std::char_traits<char>, std::allocator<char> > const&, LFortran::LocationManager&, LFortran::diag::Diagnostics&)[0m
    Result<std::unique_ptr<LLVMModule>> res = get_llvm2(code, lm, diagnostics);
[2m  File "[0m[1m[35m$DIR/src/lfortran/fortran_evaluator.cpp[39m[0m[2m", line 279, in LFortran::FortranEvaluator::get_llvm2(std::__cxx11::basic_string<char, std::char_traits<char>, std::allocator<char> > const&, LFortran::LocationManager&, LFortran::diag::Diagnostics&)[0m
    Result<std::unique_ptr<LLVMModule>> res = get_llvm3(*asr.result, diagnostics);
[2m  File "[0m[1m[35m$DIR/src/lfortran/fortran_evaluator.cpp[39m[0m[2m", line 311, in LFortran::FortranEvaluator::get_llvm3(LFortran::ASR::TranslationUnit_t&, LFortran::diag::Diagnostics&)[0m
    run_fn);
[2m  File "[0m[1m[35m$DIR/src/libasr/codegen/asr_to_llvm.cpp[39m[0m[2m", line 4973, in LFortran::asr_to_llvm(LFortran::ASR::TranslationUnit_t&, LFortran::diag::Diagnostics&, llvm::LLVMContext&, Allocator&, LFortran::Platform, bool, std::__cxx11::basic_string<char, std::char_traits<char>, std::allocator<char> > const&, std::__cxx11::basic_string<char, std::char_traits<char>, std::allocator<char> > const&)[0m
    v.visit_asr((ASR::asr_t&)asr);
[2m  File "[0m[1m[35m$DIR/src/libasr/../libasr/asr.h[39m[0m[2m", line 3587, in LFortran::ASR::BaseVisitor<LFortran::ASRToLLVMVisitor>::visit_asr(LFortran::ASR::asr_t const&)[0m
    void visit_asr(const asr_t &b) { visit_asr_t(b, self()); }
[2m  File "[0m[1m[35m$DIR/src/libasr/../libasr/asr.h[39m[0m[2m", line 3565, in ??[0m
    case asrType::unit: { v.visit_unit((const unit_t &)x); return; }
[2m  File "[0m[1m[35m$DIR/src/libasr/../libasr/asr.h[39m[0m[2m", line 3588, in LFortran::ASR::BaseVisitor<LFortran::ASRToLLVMVisitor>::visit_unit(LFortran::ASR::unit_t const&)[0m
    void visit_unit(const unit_t &b) { visit_unit_t(b, self()); }
[2m  File "[0m[1m[35m$DIR/src/libasr/../libasr/asr.h[39m[0m[2m", line 3371, in ??[0m
    case unitType::TranslationUnit: { v.visit_TranslationUnit((const TranslationUnit_t &)x); return; }
[2m  File "[0m[1m[35m$DIR/src/libasr/codegen/asr_to_llvm.cpp[39m[0m[2m", line 1013, in LFortran::ASRToLLVMVisitor::visit_TranslationUnit(LFortran::ASR::TranslationUnit_t const&)[0m
    visit_symbol(*item.second);
[2m  File "[0m[1m[35m$DIR/src/libasr/../libasr/asr.h[39m[0m[2m", line 3590, in LFortran::ASR::BaseVisitor<LFortran::ASRToLLVMVisitor>::visit_symbol(LFortran::ASR::symbol_t const&)[0m
    void visit_symbol(const symbol_t &b) { visit_symbol_t(b, self()); }
[2m  File "[0m[1m[35m$DIR/src/libasr/../libasr/asr.h[39m[0m[2m", line 3381, in ??[0m
    case symbolType::Subroutine: { v.visit_Subroutine((const Subroutine_t &)x); return; }
[2m  File "[0m[1m[35m$DIR/src/libasr/codegen/asr_to_llvm.cpp[39m[0m[2m", line 2190, in LFortran::ASRToLLVMVisitor::visit_Subroutine(LFortran::ASR::Subroutine_t const&)[0m
    generate_subroutine(x);
[2m  File "[0m[1m[35m$DIR/src/libasr/codegen/asr_to_llvm.cpp[39m[0m[2m", line 2263, in LFortran::ASRToLLVMVisitor::generate_subroutine(LFortran::ASR::Subroutine_t const&)[0m
    this->visit_stmt(*x.m_body[i]);
[2m  File "[0m[1m[35m$DIR/src/libasr/../libasr/asr.h[39m[0m[2m", line 3604, in LFortran::ASR::BaseVisitor<LFortran::ASRToLLVMVisitor>::visit_stmt(LFortran::ASR::stmt_t const&)[0m
    void visit_stmt(const stmt_t &b) { visit_stmt_t(b, self()); }
[2m  File "[0m[1m[35m$DIR/src/libasr/../libasr/asr.h[39m[0m[2m", line 3401, in ??[0m
    case stmtType::Assignment: { v.visit_Assignment((const Assignment_t &)x); return; }
AssertFailed: finder != nested_globals.end()
