; ModuleID = 'LFortran'
source_filename = "LFortran"

@0 = private unnamed_addr constant [4 x i8] c"%f\0A\00", align 1

define float @__module_lfortran_intrinsic_math_scos(float* %x) {
.entry:
  %r = alloca float, align 4
  %0 = load float, float* %x, align 4
  %1 = call float @_lfortran_scos(float %0)
  store float %1, float* %r, align 4
  %2 = load float, float* %r, align 4
  ret float %2
}

declare float @_lfortran_scos(float)

define i32 @main() {
.entry:
  %x = alloca float, align 4
  %0 = alloca float, align 4
  store float 9.500000e+00, float* %0, align 4
  %1 = call float @__module_lfortran_intrinsic_math_scos(float* %0)
  store float %1, float* %x, align 4
  %2 = load float, float* %x, align 4
  %3 = fpext float %2 to double
  call void (i8*, ...) @_lfortran_printf(i8* getelementptr inbounds ([4 x i8], [4 x i8]* @0, i32 0, i32 0), double %3)
  ret i32 0
}

declare void @_lfortran_sin(float, float*)

declare void @_lfortran_cos(float, float*)

declare void @_lfortran_tan(float, float*)

declare void @_lfortran_sinh(float, float*)

declare void @_lfortran_cosh(float, float*)

declare void @_lfortran_tanh(float, float*)

declare void @_lfortran_asin(float, float*)

declare void @_lfortran_acos(float, float*)

declare void @_lfortran_atan(float, float*)

declare void @_lfortran_asinh(float, float*)

declare void @_lfortran_acosh(float, float*)

declare void @_lfortran_atanh(float, float*)

declare void @_lfortran_printf(i8*, ...)

